<html>
<body>
<pre>
<h1>µVision Build Log</h1>
<h2>Tool Versions:</h2>
IDE-Version: ¦ÌVision V5.36.0.0
Copyright (C) 2021 ARM Ltd and ARM Germany GmbH. All rights reserved.
License Information: 1 ThunderSoft, 1, LIC=----
 
Tool Versions:
Toolchain:       MDK-Lite  Version: 5.36.0.0
Toolchain Path:  C:\Keil_v5\ARM\ARMCLANG\Bin
C Compiler:      ArmClang.exe V6.16
Assembler:       Armasm.exe V6.16
Linker/Locator:  ArmLink.exe V6.16
Library Manager: ArmAr.exe V6.16
Hex Converter:   FromElf.exe V6.16
CPU DLL:         SARMCM3.DLL V5.36.0.0
Dialog DLL:      DCM.DLL V1.17.3.0
Target DLL:      UL2CM3.DLL V1.164.0.0
Dialog DLL:      TCM.DLL V1.53.0.0
 
<h2>Project:</h2>
C:\Users\ThunderSoft\Desktop\mycode\pjt2nothing\lednothing.uvprojx
Project File Date:  08/17/2023

<h2>Output:</h2>
*** Using Compiler 'V6.16', folder: 'C:\Keil_v5\ARM\ARMCLANG\Bin'
Build target 'Target 1'
user/main.c(43): warning: implicit conversion changes signedness: 'int' to 'unsigned int' [-Wsign-conversion]
        GPIOA_CRH &= ~(0xE);  // ???????????0
                  ~~ ^~~~~~
user/main.c(49): warning: implicit conversion changes signedness: 'int' to 'unsigned int' [-Wsign-conversion]
        GPIOD_CRL &= ~(0xE00);  // ???????????0
                  ~~ ^~~~~~~~
user/main.c(54): warning: implicit conversion changes signedness: 'int' to 'unsigned int' [-Wsign-conversion]
                GPIOA_ODR &= ~(1<<8); // ??3
                          ~~ ^~~~~~~
user/main.c(59): warning: implicit conversion changes signedness: 'int' to 'unsigned int' [-Wsign-conversion]
                GPIOD_ODR &= ~(1<<2); // ??3
                          ~~ ^~~~~~~
user/main.c(69): warning: no newline at end of file [-Wnewline-eof]
}
 ^
5 warnings generated.
compiling main.c...
linking...
Program Size: Code=476 RO-data=320 RW-data=0 ZI-data=1120  
FromELF: creating hex file...
".\Objects\lednothing.axf" - 0 Error(s), 5 Warning(s).

<h2>Software Packages used:</h2>

Package Vendor: Keil
                http://www.keil.com/pack/Keil.STM32F1xx_DFP.2.3.0.pack
                Keil.STM32F1xx_DFP.2.3.0
                STMicroelectronics STM32F1 Series Device Support, Drivers and Examples

<h2>Collection of Component include folders:</h2>
  C:\Users\ThunderSoft\AppData\Local\Arm\Packs\Keil\STM32F1xx_DFP\2.3.0\Device\Include

<h2>Collection of Component Files used:</h2>
Build Time Elapsed:  00:00:03
</pre>
</body>
</html>
